\BOOKMARK [1][-]{section.1}{\376\377\000I\000n\000t\000r\000o\000d\000u\000c\000t\000i\000o\000n}{}% 1
\BOOKMARK [1][-]{section.2}{\376\377\000S\000y\000s\000t\000e\000m\000\040\000A\000r\000c\000h\000i\000t\000e\000c\000t\000u\000r\000e}{}% 2
\BOOKMARK [1][-]{section.3}{\376\377\000H\000a\000r\000d\000w\000a\000r\000e\000\040\000A\000s\000s\000e\000m\000b\000l\000y}{}% 3
\BOOKMARK [2][-]{subsection.3.1}{\376\377\000B\000i\000l\000l\000\040\000o\000f\000\040\000M\000a\000t\000e\000r\000i\000a\000l\000s}{section.3}% 4
\BOOKMARK [3][-]{subsubsection.3.1.1}{\376\377\000P\000u\000r\000c\000h\000a\000s\000e\000d\000\040\000C\000o\000m\000p\000o\000n\000e\000n\000t\000s}{subsection.3.1}% 5
\BOOKMARK [3][-]{subsubsection.3.1.2}{\376\377\0003\000D\000\040\000P\000r\000i\000n\000t\000e\000d\000\040\000P\000a\000r\000t\000s}{subsection.3.1}% 6
\BOOKMARK [2][-]{subsection.3.2}{\376\377\000T\000o\000o\000l\000s\000\040\000R\000e\000q\000u\000i\000r\000e\000d}{section.3}% 7
\BOOKMARK [2][-]{subsection.3.3}{\376\377\000A\000s\000s\000e\000m\000b\000l\000y\000\040\000G\000u\000i\000d\000e}{section.3}% 8
\BOOKMARK [3][-]{subsubsection.3.3.1}{\376\377\000S\000t\000e\000p\000\040\0001\000\040\040\023\000\040\000F\000r\000a\000m\000e}{subsection.3.3}% 9
\BOOKMARK [3][-]{subsubsection.3.3.2}{\376\377\000S\000t\000e\000p\000\040\0002\000\040\040\023\000\040\000M\000o\000t\000o\000r\000s}{subsection.3.3}% 10
\BOOKMARK [3][-]{subsubsection.3.3.3}{\376\377\000S\000t\000e\000p\000\040\0003\000\040\040\023\000\040\000P\000r\000o\000p\000e\000l\000l\000e\000r\000\040\000G\000u\000a\000r\000d\000s}{subsection.3.3}% 11
\BOOKMARK [3][-]{subsubsection.3.3.4}{\376\377\000S\000t\000e\000p\000\040\0004\000\040\040\023\000\040\000B\000a\000t\000t\000e\000r\000y\000\040\000M\000o\000u\000n\000t\000\040\000a\000n\000d\000\040\000P\000o\000w\000e\000r\000\040\000M\000o\000d\000u\000l\000e}{subsection.3.3}% 12
\BOOKMARK [3][-]{subsubsection.3.3.5}{\376\377\000S\000t\000e\000p\000\040\0005\000\040\040\023\000\040\000J\000e\000t\000s\000o\000n\000\040\000O\000r\000i\000n\000\040\000N\000a\000n\000o}{subsection.3.3}% 13
\BOOKMARK [3][-]{subsubsection.3.3.6}{\376\377\000S\000t\000e\000p\000\040\0006\000\040\040\023\000\040\000P\000i\000x\000h\000a\000w\000k\000\040\000w\000i\000t\000h\000\040\000V\000i\000b\000r\000a\000t\000i\000o\000n\000\040\000D\000a\000m\000p\000e\000n\000i\000n\000g}{subsection.3.3}% 14
\BOOKMARK [3][-]{subsubsection.3.3.7}{\376\377\000S\000t\000e\000p\000\040\0007\000\040\040\023\000\040\000T\000e\000l\000e\000m\000e\000t\000r\000y\000\040\000R\000a\000d\000i\000o}{subsection.3.3}% 15
\BOOKMARK [3][-]{subsubsection.3.3.8}{\376\377\000S\000t\000e\000p\000\040\0008\000\040\040\023\000\040\000R\000C\000\040\000R\000e\000c\000e\000i\000v\000e\000r}{subsection.3.3}% 16
\BOOKMARK [3][-]{subsubsection.3.3.9}{\376\377\000S\000t\000e\000p\000\040\0009\000\040\040\023\000\040\000C\000a\000m\000e\000r\000a\000\040\000M\000o\000u\000n\000t\000\040\000a\000n\000d\000\040\000C\000a\000m\000e\000r\000a}{subsection.3.3}% 17
\BOOKMARK [3][-]{subsubsection.3.3.10}{\376\377\000S\000t\000e\000p\000\040\0001\0000\000\040\040\023\000\040\000R\000C\000\040\000R\000e\000c\000e\000i\000v\000e\000r\000\040\000B\000i\000n\000d\000i\000n\000g}{subsection.3.3}% 18
\BOOKMARK [3][-]{subsubsection.3.3.11}{\376\377\000S\000t\000e\000p\000\040\0001\0001\000\040\040\023\000\040\000G\000P\000S\000\040\000M\000a\000s\000t\000\040\000a\000n\000d\000\040\000G\000P\000S\000\040\000M\000o\000d\000u\000l\000e}{subsection.3.3}% 19
\BOOKMARK [1][-]{section.4}{\376\377\000W\000i\000r\000i\000n\000g\000\040\000G\000u\000i\000d\000e}{}% 20
\BOOKMARK [1][-]{section.5}{\376\377\000P\000i\000x\000h\000a\000w\000k\000\040\000C\000o\000n\000f\000i\000g\000u\000r\000a\000t\000i\000o\000n}{}% 21
\BOOKMARK [2][-]{subsection.5.1}{\376\377\000F\000i\000r\000m\000w\000a\000r\000e\000\040\000a\000n\000d\000\040\000A\000i\000r\000f\000r\000a\000m\000e}{section.5}% 22
\BOOKMARK [2][-]{subsection.5.2}{\376\377\000B\000a\000t\000t\000e\000r\000y\000\040\000C\000o\000n\000f\000i\000g\000u\000r\000a\000t\000i\000o\000n}{section.5}% 23
\BOOKMARK [2][-]{subsection.5.3}{\376\377\000C\000a\000l\000i\000b\000r\000a\000t\000i\000o\000n\000\040\000S\000e\000q\000u\000e\000n\000c\000e}{section.5}% 24
\BOOKMARK [2][-]{subsection.5.4}{\376\377\000F\000a\000i\000l\000s\000a\000f\000e\000\040\000C\000o\000n\000f\000i\000g\000u\000r\000a\000t\000i\000o\000n}{section.5}% 25
\BOOKMARK [2][-]{subsection.5.5}{\376\377\000P\000a\000r\000a\000m\000e\000t\000e\000r\000\040\000C\000o\000n\000f\000i\000g\000u\000r\000a\000t\000i\000o\000n}{section.5}% 26
\BOOKMARK [1][-]{section.6}{\376\377\000S\000o\000f\000t\000w\000a\000r\000e\000\040\000S\000e\000t\000u\000p}{}% 27
\BOOKMARK [2][-]{subsection.6.1}{\376\377\000J\000e\000t\000s\000o\000n\000\040\000O\000r\000i\000n\000\040\000N\000a\000n\000o\000\040\000E\000n\000v\000i\000r\000o\000n\000m\000e\000n\000t}{section.6}% 28
\BOOKMARK [2][-]{subsection.6.2}{\376\377\000R\000O\000S\000\040\0002\000\040\000H\000u\000m\000b\000l\000e\000\040\000a\000n\000d\000\040\000M\000A\000V\000R\000O\000S}{section.6}% 29
\BOOKMARK [2][-]{subsection.6.3}{\376\377\000C\000a\000m\000e\000r\000a\000\040\000S\000e\000t\000u\000p\000\040\000\050\000A\000r\000d\000u\000c\000a\000m\000\040\000I\000M\000X\0004\0007\0007\000\051}{section.6}% 30
\BOOKMARK [2][-]{subsection.6.4}{\376\377\000d\000r\000o\000n\000e\000-\000b\000r\000a\000i\000n\000\040\000R\000e\000p\000o\000s\000i\000t\000o\000r\000y}{section.6}% 31
\BOOKMARK [2][-]{subsection.6.5}{\376\377\000g\000r\000o\000u\000n\000d\000-\000c\000o\000n\000t\000r\000o\000l\000-\000s\000t\000a\000t\000i\000o\000n\000\040\000R\000e\000p\000o\000s\000i\000t\000o\000r\000y}{section.6}% 32
\BOOKMARK [1][-]{section.7}{\376\377\000C\000o\000m\000m\000i\000s\000s\000i\000o\000n\000i\000n\000g\000\040\000a\000n\000d\000\040\000T\000e\000s\000t\000i\000n\000g}{}% 33
\BOOKMARK [2][-]{subsection.7.1}{\376\377\000S\000a\000f\000e\000t\000y\000\040\000S\000e\000t\000u\000p\000\040\000f\000o\000r\000\040\000O\000u\000t\000d\000o\000o\000r\000\040\000T\000e\000s\000t\000i\000n\000g}{section.7}% 34
\BOOKMARK [2][-]{subsection.7.2}{\376\377\000T\000e\000s\000t\000\040\000S\000e\000q\000u\000e\000n\000c\000e}{section.7}% 35
\BOOKMARK [3][-]{subsubsection.7.2.1}{\376\377\000T\000e\000s\000t\000\040\0001\000\040\040\023\000\040\000M\000o\000t\000o\000r\000\040\000T\000e\000s\000t\000\040\000\050\000N\000o\000\040\000P\000r\000o\000p\000e\000l\000l\000e\000r\000s\000\051}{subsection.7.2}% 36
\BOOKMARK [3][-]{subsubsection.7.2.2}{\376\377\000T\000e\000s\000t\000\040\0002\000\040\040\023\000\040\000R\000C\000\040\000C\000h\000a\000n\000n\000e\000l\000\040\000V\000e\000r\000i\000f\000i\000c\000a\000t\000i\000o\000n}{subsection.7.2}% 37
\BOOKMARK [3][-]{subsubsection.7.2.3}{\376\377\000T\000e\000s\000t\000\040\0003\000\040\040\023\000\040\000A\000r\000m\000-\000O\000n\000l\000y\000\040\000S\000c\000r\000i\000p\000t}{subsection.7.2}% 38
\BOOKMARK [3][-]{subsubsection.7.2.4}{\376\377\000T\000e\000s\000t\000\040\0004\000\040\040\023\000\040\000T\000a\000k\000e\000o\000f\000f\000\040\000w\000i\000t\000h\000\040\000M\000a\000n\000u\000a\000l\000\040\000I\000n\000t\000e\000r\000c\000e\000p\000t}{subsection.7.2}% 39
\BOOKMARK [3][-]{subsubsection.7.2.5}{\376\377\000T\000e\000s\000t\000\040\0005\000\040\040\023\000\040\000T\000a\000k\000e\000o\000f\000f\000\040\000a\000n\000d\000\040\000L\000a\000n\000d}{subsection.7.2}% 40
\BOOKMARK [3][-]{subsubsection.7.2.6}{\376\377\000T\000e\000s\000t\000\040\0006\000\040\040\023\000\040\000T\000a\000k\000e\000o\000f\000f\000,\000\040\000M\000o\000v\000e\000\040\000F\000o\000r\000w\000a\000r\000d\000,\000\040\000L\000a\000n\000d}{subsection.7.2}% 41
\BOOKMARK [3][-]{subsubsection.7.2.7}{\376\377\000T\000e\000s\000t\000\040\0007\000\040\040\023\000\040\000F\000u\000l\000l\000\040\000M\000o\000v\000e\000m\000e\000n\000t\000\040\000T\000e\000s\000t}{subsection.7.2}% 42
\BOOKMARK [3][-]{subsubsection.7.2.8}{\376\377\000T\000e\000s\000t\000\040\0008\000\040\040\023\000\040\000G\000P\000S\000\040\000P\000o\000s\000i\000t\000i\000o\000n\000\040\000N\000a\000v\000i\000g\000a\000t\000i\000o\000n}{subsection.7.2}% 43
\BOOKMARK [3][-]{subsubsection.7.2.9}{\376\377\000T\000e\000s\000t\000\040\0009\000\040\040\023\000\040\000C\000a\000m\000e\000r\000a\000\040\000T\000e\000s\000t\000s}{subsection.7.2}% 44
\BOOKMARK [1][-]{section.8}{\376\377\000K\000n\000o\000w\000n\000\040\000L\000i\000m\000i\000t\000a\000t\000i\000o\000n\000s}{}% 45
\BOOKMARK [2][-]{subsection.8.1}{\376\377\000G\000P\000S\000\040\000A\000c\000c\000u\000r\000a\000c\000y\000\040\000U\000n\000d\000e\000r\000\040\000F\000o\000r\000e\000s\000t\000\040\000C\000a\000n\000o\000p\000y}{section.8}% 46
\BOOKMARK [2][-]{subsection.8.2}{\376\377\000W\000e\000a\000t\000h\000e\000r\000\040\000D\000e\000p\000e\000n\000d\000e\000n\000c\000y}{section.8}% 47
\BOOKMARK [1][-]{section.9}{\376\377\000F\000u\000t\000u\000r\000e\000\040\000W\000o\000r\000k}{}% 48
\BOOKMARK [2][-]{subsection.9.1}{\376\377\000P\000o\000s\000i\000t\000i\000o\000n\000i\000n\000g\000\040\000U\000n\000d\000e\000r\000\040\000C\000a\000n\000o\000p\000y}{section.9}% 49
\BOOKMARK [2][-]{subsection.9.2}{\376\377\000I\000m\000a\000g\000e\000\040\000T\000r\000a\000n\000s\000m\000i\000s\000s\000i\000o\000n}{section.9}% 50
\BOOKMARK [1][-]{section.10}{\376\377\000R\000e\000p\000o\000s\000i\000t\000o\000r\000y\000\040\000a\000n\000d\000\040\000A\000c\000c\000e\000s\000s\000\040\000S\000u\000m\000m\000a\000r\000y}{}% 51
